#-----------------------------------------------------------
# Vivado v2021.1 (64-bit)
# SW Build 3247384 on Thu Jun 10 19:36:33 MDT 2021
# IP Build 3246043 on Fri Jun 11 00:30:35 MDT 2021
# Start of session at: Tue Mar 15 15:16:47 2022
# Process ID: 12356
# Current directory: C:/Users/kenry/OneDrive - CSULB/2021 - 2022/Spring 2022/CECS 341/Lab 4
# Command line: vivado.exe -gui_launcher_event rodinguilauncherevent9132 C:\Users\kenry\OneDrive - CSULB\2021 - 2022\Spring 2022\CECS 341\Lab 4\lab_4.xpr
# Log file: C:/Users/kenry/OneDrive - CSULB/2021 - 2022/Spring 2022/CECS 341/Lab 4/vivado.log
# Journal file: C:/Users/kenry/OneDrive - CSULB/2021 - 2022/Spring 2022/CECS 341/Lab 4\vivado.jou
#-----------------------------------------------------------
start_gui
open_project {C:/Users/kenry/OneDrive - CSULB/2021 - 2022/Spring 2022/CECS 341/Lab 4/lab_4.xpr}
update_compile_order -fileset sources_1
synth_design -rtl -rtl_skip_mlo -name rtl_1
refresh_design
close_design
launch_simulation
source Datapath_TB.tcl
create_wave_config
create_wave_config; add_wave /; set_property needs_save false [current_wave_config]
close_sim
update_compile_order -fileset sources_1
update_compile_order -fileset sources_1
launch_simulation
launch_simulation
source Datapath_TB.tcl
close_sim
launch_simulation
source Datapath_TB.tcl
close_sim
launch_simulation
source Datapath_TB.tcl
close_sim
